// Jest Snapshot v1, https://goo.gl/fbAQLP

exports[`DemoAndCode should be rendered 1`] = `
<section
  class="demo-and-code-wrapper"
>
  
  
  <div
    class="code-control"
    style="top: 0px; cursor: auto;"
  >
    <span
      class="control-btn"
      style="display: none;"
    >
      show code 
      <i
        class="arrow-icon"
        style="transform: rotate(-180deg);"
      />
    </span>
    <div
      class="online-wrapper"
    >
      
      <online-edit-stub
        codesandboxoptions="[object Object]"
        css=""
        csslibs=""
        editors="101"
        html=""
        js=""
        jsfiddleoptions="[object Object]"
        jslibs=""
        jspre="babel"
        layout="left"
        platform="codepen"
        style="display: none;"
      />
      <online-edit-stub
        codesandboxoptions="[object Object]"
        css=""
        csslibs=""
        editors="101"
        html=""
        js=""
        jsfiddleoptions="[object Object]"
        jslibs=""
        jspre="babel"
        layout="left"
        platform="jsfiddle"
        style="display: none;"
      />
      <online-edit-stub
        codesandboxoptions="[object Object]"
        css=""
        csslibs=""
        editors="101"
        html=""
        js=""
        jsfiddleoptions="[object Object]"
        jslibs=""
        jspre="babel"
        layout="left"
        platform="codesandbox"
        style="display: none;"
      />
      
    </div>
  </div>
  <div
    class="code-wrapper"
    style="max-height: 200px;"
  >
    <div
      class="language-vue extra-class"
    >
      <pre
        class="language-vue"
        v-pre=""
      >
        <code />
      </pre>
    </div>
  </div>
</section>
`;
