// Jest Snapshot v1, https://goo.gl/fbAQLP

exports[`OnlineEdit should be rendered 1`] = `
<form
  action="https://codepen.io/pen/define"
  class="demo-and-code-online-edit-wrapper"
  method="post"
  target="_blank"
>
  <!-- https://blog.codepen.io/documentation/api/prefill/ -->
  <input
    name="data"
    type="hidden"
    value="{\\"js\\":\\"new Vue({\\\\n\\\\tel: '#app', \\\\n\\\\t\\\\n})\\",\\"css\\":\\"\\",\\"html\\":\\"<div id=\\\\\\"app\\\\\\">\\\\n\\\\n\\\\n\\\\n</div>\\",\\"layout\\":\\"left\\",\\"editors\\":\\"101\\",\\"js_external\\":\\"https://unpkg.com/vue@2.6.14/dist/vue.js\\",\\"css_external\\":\\"\\",\\"js_pre_processor\\":\\"babel\\"}"
  />
  <!-- https://docs.jsfiddle.net/api/display-a-fiddle-from-post -->
  <!--v-if-->
  <!-- https://codesandbox.io/docs/importing#define-api -->
  <!--v-if-->
  <button
    data-tip="Codepen"
    type="submit"
  >
    <codepen-stub />
  </button>
</form>
`;
